[apresentacao.pegaocardapio.com.br/index.html]
[backblue.gif]
[fade.gif]
[index.html]
[apresentacao.pegaocardapio.com.br/feed/index.html]
[apresentacao.pegaocardapio.com.br/comments/feed/index.html]
[apresentacao.pegaocardapio.com.br/wp-includes/js/jquery/jquery.mina767.js]
[apresentacao.pegaocardapio.com.br/wp-includes/js/jquery/jquery-migrate.min6b00.js]
[apresentacao.pegaocardapio.com.br/wp-content/plugins/my-delivey-wordpress/assets/scripts10f0.js]
[apresentacao.pegaocardapio.com.br/wp-content/plugins/my-delivey-wordpress/assets/jquery.mask10f0.js]
[apresentacao.pegaocardapio.com.br/wp-json/wp/v2/pages/43.json]
[apresentacao.pegaocardapio.com.br/wp-json/index.html]
[apresentacao.pegaocardapio.com.br/xmlrpc0db0.php]
[apresentacao.pegaocardapio.com.br/wp-includes/wlwmanifest.xml]
[apresentacao.pegaocardapio.com.br/wp-json/oembed/1.0/embedfcd5.json]
[apresentacao.pegaocardapio.com.br/wp-json/oembed/1.0/embedaef3]
[apresentacao.pegaocardapio.com.br/wp-content/uploads/2021/02/cropped-logo2-32x32.png]
[apresentacao.pegaocardapio.com.br/wp-content/uploads/2021/02/cropped-logo2-192x192.png]
[apresentacao.pegaocardapio.com.br/wp-content/uploads/2021/02/cropped-logo2-180x180.png]
[apresentacao.pegaocardapio.com.br/wp-content/uploads/2021/02/logo2-1.png]
[apresentacao.pegaocardapio.com.br/wp-content/uploads/2021/02/BACON.jpg]
[apresentacao.pegaocardapio.com.br/wp-content/uploads/2021/02/t-mcdonalds-Double-Cheeseburger.jpg]
[apresentacao.pegaocardapio.com.br/wp-content/uploads/2021/02/pizza-a-moda-uma-das.jpg]
[apresentacao.pegaocardapio.com.br/wp-content/uploads/2021/02/Pizza_frango_requeijao-1.jpg]
[apresentacao.pegaocardapio.com.br/wp-content/uploads/2021/02/creme-de-acai-classico.jpg]
[apresentacao.pegaocardapio.com.br/wp-content/uploads/2021/02/coxinha.jpg]
[apresentacao.pegaocardapio.com.br/wp-content/uploads/2021/02/enroladinho-frito-de-salsicha.jpg]
[apresentacao.pegaocardapio.com.br/wp-content/uploads/2021/02/transferir-1.jpg]
[apresentacao.pegaocardapio.com.br/wp-content/uploads/2021/02/3d662c7a86c90d75887aa8e9c206abeb.jpg]
[apresentacao.pegaocardapio.com.br/wp-content/uploads/2021/02/transferir.jpg]
[www.evcode.com.br/wp-content/uploads/2020/04/hamburguer_shutterstock.jpg]
[apresentacao.pegaocardapio.com.br/wp-content/plugins/wp-content-copy-protector/images/warning.png]
[apresentacao.pegaocardapio.com.br/wp-content/plugins/gutentor/assets/library/wow/wow.min1576.js]
[apresentacao.pegaocardapio.com.br/wp-content/plugins/gutentor/assets/library/magnific-popup/jquery.magnific-popup.minf488.js]
[apresentacao.pegaocardapio.com.br/wp-content/plugins/gutentor/assets/library/theia-sticky-sidebar/theia-sticky-sidebar.minf39e.js]
[apresentacao.pegaocardapio.com.br/wp-content/plugins/contact-form-7/includes/js/scripts9dff.js]
[apresentacao.pegaocardapio.com.br/acompanhamento_pedido/index.html]
[apresentacao.pegaocardapio.com.br/wp-content/plugins/my-delivey-wordpress/assets/js/order-list-ajax10f0.js]
[apresentacao.pegaocardapio.com.br/wp-content/plugins/my-delivey-wordpress/assets/js/order-notification10f0.js]
[apresentacao.pegaocardapio.com.br/wp-content/plugins/my-delivey-wordpress/assets/js/create-order10f0.js]
[apresentacao.pegaocardapio.com.br/wp-content/plugins/my-delivey-wordpress/assets/js/essentials10f0.js]
[apresentacao.pegaocardapio.com.br/wp-admin/index.html]
[apresentacao.pegaocardapio.com.br/wp-content/plugins/my-delivey-wordpress/assets/js/autocomplete-br10f0.js]
[apresentacao.pegaocardapio.com.br/wp-content/themes/cosmoswp/assets/js/cosmoswp.min7359.js]
[apresentacao.pegaocardapio.com.br/wp-content/plugins/gutentor/assets/js/gutentor.min19ce.js]
[apresentacao.pegaocardapio.com.br/index.html]
[apresentacao.pegaocardapio.com.br/wp-includes/css/dist/block-library/style.minae48.css]
[apresentacao.pegaocardapio.com.br/pedidos/index.html]
[apresentacao.pegaocardapio.com.br/wp-content/plugins/gutentor/assets/library/fontawesome/webfonts/fa-brands-400.eot]
[apresentacao.pegaocardapio.com.br/wp-content/plugins/gutentor/assets/library/fontawesome/webfonts/fa-brands-400d41d.eot]
[apresentacao.pegaocardapio.com.br/wp-content/plugins/gutentor/assets/library/fontawesome/webfonts/fa-regular-400.eot]
[apresentacao.pegaocardapio.com.br/wp-content/plugins/gutentor/assets/library/fontawesome/webfonts/fa-regular-400d41d.eot]
[apresentacao.pegaocardapio.com.br/wp-content/plugins/gutentor/assets/library/fontawesome/webfonts/fa-solid-900.eot]
[apresentacao.pegaocardapio.com.br/wp-content/plugins/gutentor/assets/library/fontawesome/webfonts/fa-solid-900d41d.eot]
[apresentacao.pegaocardapio.com.br/wp-content/plugins/gutentor/assets/library/fontawesome/css/all.minb683.css]
[apresentacao.pegaocardapio.com.br/wp-content/plugins/gutentor/assets/library/animatecss/animate.minf3df.css]
[apresentacao.pegaocardapio.com.br/wp-content/plugins/gutentor/assets/library/magnific-popup/magnific-popup.minee8b.css]
[apresentacao.pegaocardapio.com.br/wp-content/plugins/gutentor/assets/library/wpness-grid/wpness-grid.min8a54.css]
[apresentacao.pegaocardapio.com.br/wp-includes/css/classic-themes.minae48.css]
[apresentacao.pegaocardapio.com.br/wp-content/plugins/contact-form-7/assets/ajax-loader.gif]
[apresentacao.pegaocardapio.com.br/wp-content/plugins/contact-form-7/includes/css/styles9dff.css]
[printjs-4de6.kxcdn.com/print.min10f0.html]
[apresentacao.pegaocardapio.com.br/wp-content/plugins/my-delivey-wordpress/assets/css/frontend-style10f0.css]
[apresentacao.pegaocardapio.com.br/wp-content/themes/cosmoswp/style.min7359.css]
[apresentacao.pegaocardapio.com.br/wp-includes/css/dist/components/style.minae48.css]
[apresentacao.pegaocardapio.com.br/wp-includes/css/dist/block-editor/style.minae48.css]
[apresentacao.pegaocardapio.com.br/wp-includes/css/dist/nux/style.minae48.css]
[apresentacao.pegaocardapio.com.br/wp-includes/css/dist/reusable-blocks/style.minae48.css]
[apresentacao.pegaocardapio.com.br/wp-includes/css/dist/editor/style.minae48.css]
[apresentacao.pegaocardapio.com.br/wp-content/plugins/gutentor/dist/blocks.style.build19ce.css]
[apresentacao.pegaocardapio.com.br/wp-content/uploads/cosmoswp/dynamic-style.css]
[apresentacao.pegaocardapio.com.br/wp-json/wp/v2/pages/6.json]
[apresentacao.pegaocardapio.com.br/wp-json/oembed/1.0/embedee07.json]
[apresentacao.pegaocardapio.com.br/index42dc.html]
[apresentacao.pegaocardapio.com.br/acompanhamento_pedido/index.html]
[apresentacao.pegaocardapio.com.br/wp-json/oembed/1.0/embed0bb6]
[apresentacao.pegaocardapio.com.br/wp-admin/index.html]
[apresentacao.pegaocardapio.com.br/wp-logina6ab.html]
[apresentacao.pegaocardapio.com.br/wp-json/wp/v2/pages/7.json]
[apresentacao.pegaocardapio.com.br/wp-json/oembed/1.0/embed9db5.json]
[apresentacao.pegaocardapio.com.br/indexc4f7.html]
[apresentacao.pegaocardapio.com.br/pedidos/index.html]
[apresentacao.pegaocardapio.com.br/wp-content/plugins/gutentor/assets/library/fontawesome/webfonts/fa-brands-400.html]
[apresentacao.pegaocardapio.com.br/wp-content/plugins/gutentor/assets/library/fontawesome/webfonts/fa-brands-401.html]
[apresentacao.pegaocardapio.com.br/wp-content/plugins/gutentor/assets/library/fontawesome/webfonts/fa-brands-402.html]
[apresentacao.pegaocardapio.com.br/wp-content/plugins/gutentor/assets/library/fontawesome/webfonts/fa-brands-400.svg]
[apresentacao.pegaocardapio.com.br/wp-content/plugins/gutentor/assets/library/fontawesome/webfonts/fa-regular-400.html]
[apresentacao.pegaocardapio.com.br/wp-content/plugins/gutentor/assets/library/fontawesome/webfonts/fa-regular-401.html]
[apresentacao.pegaocardapio.com.br/wp-content/plugins/gutentor/assets/library/fontawesome/webfonts/fa-regular-402.html]
[apresentacao.pegaocardapio.com.br/wp-content/plugins/gutentor/assets/library/fontawesome/webfonts/fa-regular-400.svg]
[apresentacao.pegaocardapio.com.br/wp-content/plugins/gutentor/assets/library/fontawesome/webfonts/fa-solid-900.html]
[apresentacao.pegaocardapio.com.br/wp-content/plugins/gutentor/assets/library/fontawesome/webfonts/fa-solid-901.html]
[apresentacao.pegaocardapio.com.br/wp-content/plugins/gutentor/assets/library/fontawesome/webfonts/fa-solid-902.html]
[apresentacao.pegaocardapio.com.br/wp-json/oembed/1.0/embed8ad3]
[apresentacao.pegaocardapio.com.br/wp-content/plugins/gutentor/assets/library/fontawesome/webfonts/fa-solid-900.svg]
[falacoxinha.pegaocardapio.com.br/wp-content/uploads/2021/02/asdsa.html]
[apresentacao.pegaocardapio.com.br/index42dc.html]
[apresentacao.pegaocardapio.com.br/wp-content/uploads/2021/02/logo2.png]
[apresentacao.pegaocardapio.com.br/wp-loginc2b6.html]
[apresentacao.pegaocardapio.com.br/wp-includes/js/zxcvbn-async.min5152.js]
[apresentacao.pegaocardapio.com.br/wp-includes/js/dist/vendor/wp-polyfill-inert.min0226.js]
[apresentacao.pegaocardapio.com.br/wp-includes/js/dist/vendor/regenerator-runtime.min8fa4.js]
[apresentacao.pegaocardapio.com.br/wp-includes/js/dist/vendor/wp-polyfill.min2c7c.js]
[apresentacao.pegaocardapio.com.br/wp-includes/js/dist/hooks.min6c65.js]
[apresentacao.pegaocardapio.com.br/wp-includes/js/dist/i18n.mine57b.js]
[apresentacao.pegaocardapio.com.br/wp-admin/js/password-strength-meter.minae48.js]
[apresentacao.pegaocardapio.com.br/wp-includes/js/underscore.mind584.js]
[apresentacao.pegaocardapio.com.br/wp-includes/js/wp-util.minae48.js]
[apresentacao.pegaocardapio.com.br/wp-logina6ab.html]
[apresentacao.pegaocardapio.com.br/wp-admin/js/user-profile.minae48.js]
[apresentacao.pegaocardapio.com.br/indexc4f7.html]
[printjs-4de6.kxcdn.com/print.min10f0.js]
[apresentacao.pegaocardapio.com.br/wp-includes/fonts/dashicons7d4b.eot]
[apresentacao.pegaocardapio.com.br/wp-includes/css/dashicons.minae48.css]
[apresentacao.pegaocardapio.com.br/wp-includes/css/buttons.minae48.css]
[apresentacao.pegaocardapio.com.br/wp-admin/images/loading.gif]
[apresentacao.pegaocardapio.com.br/wp-admin/css/forms.minae48.css]
[apresentacao.pegaocardapio.com.br/wp-admin/css/l10n.minae48.css]
[apresentacao.pegaocardapio.com.br/wp-admin/images/w-logo-blue7a53.png]
[apresentacao.pegaocardapio.com.br/wp-admin/css/login.minae48.css]
[apresentacao.pegaocardapio.com.br/wp-loginc2b6.html]
[apresentacao.pegaocardapio.com.br/wp-includes/fonts/dashicons7d4b.html]
[apresentacao.pegaocardapio.com.br/wp-admin/images/wordpress-logo7d6b.svg]
[apresentacao.pegaocardapio.com.br/wp-login.html]
[apresentacao.pegaocardapio.com.br/wp-login.html]
